[54C[1;32m.......
[0m   [1;36m__ __[6C____[5C____[6C______[0m   [1;36m___[6C[32m.:::::::::::.[7C[36m___
[0m [1;36m_)[0m  [1;36m\[0m  [1;36m\_[0m [1;36m__([0;35m___/  [1;36m__([35m_[0;35m__/  [1;36m___¦[5C[0;35m/[1;36m.-¯   ¯-.[0m  [1;32m:::::::· ·:::::  [36m___([35m_  \
 [36m\  /¬\[0m   [1;36mY  ___)__Y  ___)__Y[0m   [1;36m|[0m   [1;36m_[0;35m/_[6C_  [1;36mY[32m::::::::. .::::::[36m(   [35m\[36m/   [35m\
 [36m/   _    [0;35m_  [1;36m\[5C[35m_  [36m\[5C[0;35m_   [1;36m_[5C[35m/[36m_/[0m    [35m\__[1;36m'[32m:::::::::::::::::[35m_   [36m/ [35m___/
[0m [35m`---[1;36m([0;35m____)---[1;36m)[0;35m____)---[1;36m)[0;35m____)---[1;36m([0;35m_____[1m\[36m([0;35m______)[1;33mdRE[32m:::::::::::::::` [35m--[36m([35m___)
[50C[32m`·::::::::::·
[0m